// Jest Snapshot v1, https://goo.gl/fbAQLP

exports[`tests consumer should produce to dead letter topic when value is not valid JSON 1`] = `
{
  "headers": {
    "original-topic": "foo",
    "x-group-id": "test",
    "x-unexpected-exception-message": "A JSONObject text must begin with '{' at 1 [character 2 line 1]",
  },
  "value": "wat?",
}
`;
