// Jest Snapshot v1, https://goo.gl/fbAQLP

exports[`tests should shutdown when broker is not available 1`] = `
{
  "Dead": false,
  "Error": "",
  "ExitCode": 0,
  "FinishedAt": "2024-12-04T09:33:07.518855334Z",
  "OOMKilled": false,
  "Paused": false,
  "Pid": 0,
  "Restarting": false,
  "Running": false,
  "StartedAt": "2024-12-04T09:33:01.757833096Z",
  "Status": "exited",
}
`;
